// Jest Snapshot v1, https://goo.gl/fbAQLP

exports[`NotFound component renders correctly 1`] = `
ReactWrapper {
  Symbol(enzyme.__unrendered__): <Unknown />,
  Symbol(enzyme.__renderer__): Object {
    "batchedUpdates": [Function],
    "getNode": [Function],
    "render": [Function],
    "simulateError": [Function],
    "simulateEvent": [Function],
    "unmount": [Function],
  },
  Symbol(enzyme.__root__): [Circular],
  Symbol(enzyme.__node__): Object {
    "instance": null,
    "key": undefined,
    "nodeType": "function",
    "props": Object {},
    "ref": null,
    "rendered": Object {
      "instance": null,
      "key": undefined,
      "nodeType": "function",
      "props": Object {
        "t": [Function],
      },
      "ref": null,
      "rendered": Object {
        "instance": <div
          class="not-found"
        >
          <p>
            page.notfound
          </p>
          <a
            href="mocked"
            to="/"
          >
            page.goBackToMain
          </a>
        </div>,
        "key": undefined,
        "nodeType": "host",
        "props": Object {
          "children": Array [
            <p>
              page.notfound
            </p>,
            <Link
              to="/"
            >
              page.goBackToMain
            </Link>,
          ],
          "className": "not-found",
        },
        "ref": null,
        "rendered": Array [
          Object {
            "instance": <p>
              page.notfound
            </p>,
            "key": undefined,
            "nodeType": "host",
            "props": Object {
              "children": "page.notfound",
            },
            "ref": null,
            "rendered": Array [
              "page.notfound",
            ],
            "type": "p",
          },
          Object {
            "instance": null,
            "key": undefined,
            "nodeType": "function",
            "props": Object {
              "children": "page.goBackToMain",
              "to": "/",
            },
            "ref": null,
            "rendered": Object {
              "instance": <a
                href="mocked"
                to="/"
              >
                page.goBackToMain
              </a>,
              "key": undefined,
              "nodeType": "host",
              "props": Object {
                "children": "page.goBackToMain",
                "href": "mocked",
                "to": "/",
              },
              "ref": null,
              "rendered": Array [
                "page.goBackToMain",
              ],
              "type": "a",
            },
            "type": [Function],
          },
        ],
        "type": "div",
      },
      "type": [Function],
    },
    "type": [Function],
  },
  Symbol(enzyme.__nodes__): Array [
    Object {
      "instance": null,
      "key": undefined,
      "nodeType": "function",
      "props": Object {},
      "ref": null,
      "rendered": Object {
        "instance": null,
        "key": undefined,
        "nodeType": "function",
        "props": Object {
          "t": [Function],
        },
        "ref": null,
        "rendered": Object {
          "instance": <div
            class="not-found"
          >
            <p>
              page.notfound
            </p>
            <a
              href="mocked"
              to="/"
            >
              page.goBackToMain
            </a>
          </div>,
          "key": undefined,
          "nodeType": "host",
          "props": Object {
            "children": Array [
              <p>
                page.notfound
              </p>,
              <Link
                to="/"
              >
                page.goBackToMain
              </Link>,
            ],
            "className": "not-found",
          },
          "ref": null,
          "rendered": Array [
            Object {
              "instance": <p>
                page.notfound
              </p>,
              "key": undefined,
              "nodeType": "host",
              "props": Object {
                "children": "page.notfound",
              },
              "ref": null,
              "rendered": Array [
                "page.notfound",
              ],
              "type": "p",
            },
            Object {
              "instance": null,
              "key": undefined,
              "nodeType": "function",
              "props": Object {
                "children": "page.goBackToMain",
                "to": "/",
              },
              "ref": null,
              "rendered": Object {
                "instance": <a
                  href="mocked"
                  to="/"
                >
                  page.goBackToMain
                </a>,
                "key": undefined,
                "nodeType": "host",
                "props": Object {
                  "children": "page.goBackToMain",
                  "href": "mocked",
                  "to": "/",
                },
                "ref": null,
                "rendered": Array [
                  "page.goBackToMain",
                ],
                "type": "a",
              },
              "type": [Function],
            },
          ],
          "type": "div",
        },
        "type": [Function],
      },
      "type": [Function],
    },
  ],
  Symbol(enzyme.__options__): Object {
    "adapter": ReactSixteenAdapter {
      "options": Object {
        "enableComponentDidUpdateOnSetState": true,
        "lifecycles": Object {
          "componentDidUpdate": Object {
            "onSetState": true,
          },
          "getDerivedStateFromProps": true,
          "getSnapshotBeforeUpdate": true,
          "setState": Object {
            "skipsComponentDidUpdateOnNullish": true,
          },
        },
      },
    },
  },
}
`;
